Transfer Syntax: Explicit VR Little Endian (1.2.840.10008.1.2.1)

# File Meta
(0002,0000) UL         4 FileMetaInformationGroupLength   174
(0002,0001) OB         2 FileMetaInformationVersion       00 01
(0002,0002) UI        30 MediaStorageSOPClassUID          1.2.826.0.1.3680043.9.7433.1.1
(0002,0003) UI        32 MediaStorageSOPInstanceUID       1.2.826.0.1.3680043.9.7433.1.1.1
(0002,0010) UI        20 TransferSyntaxUID                1.2.840.10008.1.2.1 = "Explicit VR Little Endian"
(0002,0012) UI        28 ImplementationClassUID           1.2.826.0.1.3680043.10.543.1
(0002,0013) SH        10 ImplementationVersionName        DICOMGO_M0

----------------------------------------------------------
# Dataset
(0008,0016) UI        30 SOPClassUID                      1.2.826.0.1.3680043.9.7433.1.1
(0010,0010) PN        12 PatientName                      TEST^PATIENT
(0010,0020) LO        10 PatientID                        TESTID001
(0008,0018) UI        32 SOPInstanceUID                   1.2.826.0.1.3680043.9.7433.1.1.1
(0020,000D) UI        32 StudyInstanceUID                 1.2.826.0.1.3680043.9.7433.1.2.1
(0008,1111) SQ UNDEFINED ReferencedPerformedProcedureStepSequence (2 item(s))
  (FFFE,E000) -- UNDEFINED Item
    (0008,1150) UI        30 ReferencedSOPClassUID            1.2.826.0.1.3680043.9.7433.1.1
    (0008,1115) SQ UNDEFINED ReferencedSeriesSequence         (1 item(s))
      (FFFE,E000) -- UNDEFINED Item
        (0010,0010) PN        12 PatientName                      NEST^PATIENT
      (FFFE,E00D) --         0 ItemDelimitationItem
  (FFFE,E00D) --         0 ItemDelimitationItem
  (FFFE,E000) -- UNDEFINED Item
    (0008,1155) UI        32 ReferencedSOPInstanceUID         1.2.826.0.1.3680043.9.7433.1.1.1
  (FFFE,E00D) --         0 ItemDelimitationItem
