{
  "transferSyntax": {
    "uid": "1.2.840.10008.1.2.1",
    "name": "Explicit VR Little Endian",
    "explicitVR": true,
    "endianness": "little"
  },
  "fileMeta": {
    "00020001": {
      "InlineBinary": "AAE=",
      "vr": "OB"
    },
    "00020002": {
      "Value": [
        "1.2.826.0.1.3680043.9.7433.1.1"
      ],
      "vr": "UI"
    },
    "00020003": {
      "Value": [
        "1.2.826.0.1.3680043.9.7433.1.1.1"
      ],
      "vr": "UI"
    },
    "00020010": {
      "Value": [
        "1.2.840.10008.1.2.1"
      ],
      "ValueNames": [
        "Explicit VR Little Endian"
      ],
      "vr": "UI"
    },
    "00020012": {
      "Value": [
        "1.2.826.0.1.3680043.10.543.1"
      ],
      "vr": "UI"
    },
    "00020013": {
      "Value": [
        "DICOMGO_M0"
      ],
      "vr": "SH"
    }
  },
  "dataSet": {
    "00080016": {
      "Value": [
        "1.2.826.0.1.3680043.9.7433.1.1"
      ],
      "vr": "UI"
    },
    "00080018": {
      "Value": [
        "1.2.826.0.1.3680043.9.7433.1.1.1"
      ],
      "vr": "UI"
    },
    "00080060": {
      "Value": [
        "OT"
      ],
      "vr": "CS"
    },
    "00100010": {
      "Value": [
        {
          "Alphabetic": "TEST^PATIENT"
        }
      ],
      "vr": "PN"
    },
    "00100020": {
      "Value": [
        "TESTID001"
      ],
      "vr": "LO"
    },
    "0020000D": {
      "Value": [
        "1.2.826.0.1.3680043.9.7433.1.2.1"
      ],
      "vr": "UI"
    },
    "00280010": {
      "InlineBinary": "CAA=",
      "vr": "US"
    },
    "00280011": {
      "InlineBinary": "CAA=",
      "vr": "US"
    }
  }
}